Using pre-set license
Built from '2022.3/staging' branch; Version is '2022.3.42f1 (2dcb6a0abc42) revision 3001194'; Using compiler version '192829333'; Build Type 'Release'
OS: 'Windows 11  (10.0.26100) 64bit CoreSingleLanguage' Language: 'es' Physical Memory: 7696 MB
BatchMode: 1, IsHumanControllingUs: 0, StartBugReporterOnCrash: 0, Is64bit: 1, IsPro: 1

COMMAND LINE ARGUMENTS:
C:\Program Files\Unity\Hub\Editor\2022.3.42f1-x86_64\Editor\Unity.exe
-adb2
-batchMode
-noUpm
-name
AssetImportWorker1
-projectPath
C:/Users/mandi/Documents/GitHub/NutriQuest
-logFile
Logs/AssetImportWorker1.log
-srvPort
9343
Successfully changed project path to: C:/Users/mandi/Documents/GitHub/NutriQuest
C:/Users/mandi/Documents/GitHub/NutriQuest
[UnityMemory] Configuration Parameters - Can be set up in boot.config
    "memorysetup-bucket-allocator-granularity=16"
    "memorysetup-bucket-allocator-bucket-count=8"
    "memorysetup-bucket-allocator-block-size=33554432"
    "memorysetup-bucket-allocator-block-count=8"
    "memorysetup-main-allocator-block-size=16777216"
    "memorysetup-thread-allocator-block-size=16777216"
    "memorysetup-gfx-main-allocator-block-size=16777216"
    "memorysetup-gfx-thread-allocator-block-size=16777216"
    "memorysetup-cache-allocator-block-size=4194304"
    "memorysetup-typetree-allocator-block-size=2097152"
    "memorysetup-profiler-bucket-allocator-granularity=16"
    "memorysetup-profiler-bucket-allocator-bucket-count=8"
    "memorysetup-profiler-bucket-allocator-block-size=33554432"
    "memorysetup-profiler-bucket-allocator-block-count=8"
    "memorysetup-profiler-allocator-block-size=16777216"
    "memorysetup-profiler-editor-allocator-block-size=1048576"
    "memorysetup-temp-allocator-size-main=16777216"
    "memorysetup-job-temp-allocator-block-size=2097152"
    "memorysetup-job-temp-allocator-block-size-background=1048576"
    "memorysetup-job-temp-allocator-reduction-small-platforms=262144"
    "memorysetup-allocator-temp-initial-block-size-main=262144"
    "memorysetup-allocator-temp-initial-block-size-worker=262144"
    "memorysetup-temp-allocator-size-background-worker=32768"
    "memorysetup-temp-allocator-size-job-worker=262144"
    "memorysetup-temp-allocator-size-preload-manager=33554432"
    "memorysetup-temp-allocator-size-nav-mesh-worker=65536"
    "memorysetup-temp-allocator-size-audio-worker=65536"
    "memorysetup-temp-allocator-size-cloud-worker=32768"
    "memorysetup-temp-allocator-size-gi-baking-worker=262144"
    "memorysetup-temp-allocator-size-gfx=262144"
Player connection [34392]  Target information:

Player connection [34392]  * "[IP] 192.168.56.1 [Port] 0 [Flags] 2 [Guid] 3406400706 [EditorId] 3406400706 [Version] 1048832 [Id] WindowsEditor(7,DiuzaPortatil) [Debug] 1 [PackageName] WindowsEditor [ProjectName] Editor" 

Player connection [34392]  * "[IP] 192.168.100.1 [Port] 0 [Flags] 2 [Guid] 3406400706 [EditorId] 3406400706 [Version] 1048832 [Id] WindowsEditor(7,DiuzaPortatil) [Debug] 1 [PackageName] WindowsEditor [ProjectName] Editor" 

Player connection [34392]  * "[IP] 192.168.1.10 [Port] 0 [Flags] 2 [Guid] 3406400706 [EditorId] 3406400706 [Version] 1048832 [Id] WindowsEditor(7,DiuzaPortatil) [Debug] 1 [PackageName] WindowsEditor [ProjectName] Editor" 

Player connection [34392] Host joined multi-casting on [225.0.0.222:54997]...
Player connection [34392] Host joined alternative multi-casting on [225.0.0.222:34997]...
[PhysX] Initialized MultithreadedTaskDispatcher with 18 workers.
Refreshing native plugins compatible for Editor in 544.38 ms, found 4 plugins.
Preloading 0 native plugins for Editor in 0.00 ms.
Initialize engine version: 2022.3.42f1 (2dcb6a0abc42)
[Subsystems] Discovering subsystems at path C:/Program Files/Unity/Hub/Editor/2022.3.42f1-x86_64/Editor/Data/Resources/UnitySubsystems
[Subsystems] Discovering subsystems at path C:/Users/mandi/Documents/GitHub/NutriQuest/Assets
GfxDevice: creating device client; threaded=0; jobified=0
Direct3D:
    Version:  Direct3D 11.0 [level 11.1]
    Renderer: Intel(R) Graphics (ID=0x7dd5)
    Vendor:   Intel
    VRAM:     3848 MB
    Driver:   32.0.101.5763
Initialize mono
Mono path[0] = 'C:/Program Files/Unity/Hub/Editor/2022.3.42f1-x86_64/Editor/Data/Managed'
Mono path[1] = 'C:/Program Files/Unity/Hub/Editor/2022.3.42f1-x86_64/Editor/Data/MonoBleedingEdge/lib/mono/unityjit-win32'
Mono config path = 'C:/Program Files/Unity/Hub/Editor/2022.3.42f1-x86_64/Editor/Data/MonoBleedingEdge/etc'
Using monoOptions --debugger-agent=transport=dt_socket,embedding=1,server=y,suspend=n,address=127.0.0.1:56364
Begin MonoManager ReloadAssembly
Registering precompiled unity dll's ...
Register platform support module: C:/Program Files/Unity/Hub/Editor/2022.3.42f1-x86_64/Editor/Data/PlaybackEngines/WindowsStandaloneSupport/UnityEditor.WindowsStandalone.Extensions.dll
Registered in 0.017759 seconds.
- Loaded All Assemblies, in  0.682 seconds
Native extension for WindowsStandalone target not found
Mono: successfully reloaded assembly
- Finished resetting the current domain, in  0.378 seconds
Domain Reload Profiling: 1056ms
	BeginReloadAssembly (265ms)
		ExecutionOrderSort (0ms)
		DisableScriptedObjects (0ms)
		BackupInstance (0ms)
		ReleaseScriptingObjects (0ms)
		CreateAndSetChildDomain (3ms)
	RebuildCommonClasses (71ms)
	RebuildNativeTypeToScriptingClass (19ms)
	initialDomainReloadingComplete (108ms)
	LoadAllAssembliesAndSetupDomain (214ms)
		LoadAssemblies (256ms)
		RebuildTransferFunctionScriptingTraits (0ms)
		AnalyzeDomain (212ms)
			TypeCache.Refresh (210ms)
				TypeCache.ScanAssembly (191ms)
			ScanForSourceGeneratedMonoScriptInfo (1ms)
			ResolveRequiredComponents (1ms)
	FinalizeReload (378ms)
		ReleaseScriptCaches (0ms)
		RebuildScriptCaches (0ms)
		SetupLoadedEditorAssemblies (314ms)
			LogAssemblyErrors (0ms)
			InitializePlatformSupportModulesInManaged (14ms)
			SetLoadedEditorAssemblies (14ms)
			RefreshPlugins (0ms)
			BeforeProcessingInitializeOnLoad (2ms)
			ProcessInitializeOnLoadAttributes (202ms)
			ProcessInitializeOnLoadMethodAttributes (81ms)
			AfterProcessingInitializeOnLoad (0ms)
			EditorAssembliesLoaded (0ms)
		ExecutionOrderSort2 (0ms)
		AwakeInstancesAfterBackupRestoration (0ms)
========================================================================
Worker process is ready to serve import requests
Caller must complete domain reload
0x00007ff62349d08d (Unity) StackWalker::GetCurrentCallstack
0x00007ff6234a2169 (Unity) StackWalker::ShowCallstack
0x00007ff62448f231 (Unity) GetStacktrace
0x00007ff624b49e6e (Unity) DebugStringToFile
0x00007ff624b49baa (Unity) AssertImplementation
0x00007ff62432d9fc (Unity) Internal_ADB_WorkerOnly_DomainReload
0x00007ff624813484 (Unity) WorkerDomainReloadV2
0x00007ff6248340af (Unity) <lambda_943be6b2c5671afd01d59371cf3ef730>::operator()
0x00007ff62486fea2 (Unity) asio::detail::completion_handler<core::mutable_function<void __cdecl(void)>,asio::io_context::basic_executor_type<std::allocator<void>,0> >::do_complete
0x00007ff62485be4e (Unity) asio::detail::win_iocp_io_context::do_one
0x00007ff62485da7e (Unity) asio::detail::win_iocp_io_context::run
0x00007ff62486e24c (Unity) IOService::Run
0x00007ff6248416cf (Unity) AssetImportWorkerClient::Run
0x00007ff62480d037 (Unity) RunAssetImportWorkerClientV2
0x00007ff62480d0bb (Unity) RunAssetImporterV2
0x00007ff6240076fe (Unity) Application::InitializeProject
0x00007ff624499ed5 (Unity) WinMain
0x00007ff62584b7be (Unity) __scrt_common_main_seh
0x00007ff8a091e8d7 (KERNEL32) BaseThreadInitThunk
0x00007ff8a0abbf6c (ntdll) RtlUserThreadStart

Begin MonoManager ReloadAssembly
Symbol file LoadedFromMemory is not a mono symbol file
- Loaded All Assemblies, in  6.871 seconds
Native extension for WindowsStandalone target not found
Mono: successfully reloaded assembly
Package Manager log level set to [2]
[Package Manager] Server::EnsureServerProcessIsRunning -- launch failed, reason: Unity was launched with the -noUpm command-line argument
[Package Manager] UpmClient::Send -- Unable to send message (not connected to UPM process).
[Package Manager] Cannot connect to Unity Package Manager local server
[Package Manager] Server::EnsureServerProcessIsRunning -- launch failed, reason: Unity was launched with the -noUpm command-line argument
[Package Manager] UpmClient::Send -- Unable to send message (not connected to UPM process).
[Package Manager] Cannot connect to Unity Package Manager local server
- Finished resetting the current domain, in  0.783 seconds
Domain Reload Profiling: 7638ms
	BeginReloadAssembly (239ms)
		ExecutionOrderSort (0ms)
		DisableScriptedObjects (8ms)
		BackupInstance (0ms)
		ReleaseScriptingObjects (0ms)
		CreateAndSetChildDomain (30ms)
	RebuildCommonClasses (29ms)
	RebuildNativeTypeToScriptingClass (10ms)
	initialDomainReloadingComplete (64ms)
	LoadAllAssembliesAndSetupDomain (6512ms)
		LoadAssemblies (6343ms)
		RebuildTransferFunctionScriptingTraits (0ms)
		AnalyzeDomain (317ms)
			TypeCache.Refresh (270ms)
				TypeCache.ScanAssembly (229ms)
			ScanForSourceGeneratedMonoScriptInfo (41ms)
			ResolveRequiredComponents (6ms)
	FinalizeReload (784ms)
		ReleaseScriptCaches (0ms)
		RebuildScriptCaches (0ms)
		SetupLoadedEditorAssemblies (584ms)
			LogAssemblyErrors (0ms)
			InitializePlatformSupportModulesInManaged (8ms)
			SetLoadedEditorAssemblies (6ms)
			RefreshPlugins (0ms)
			BeforeProcessingInitializeOnLoad (91ms)
			ProcessInitializeOnLoadAttributes (430ms)
			ProcessInitializeOnLoadMethodAttributes (41ms)
			AfterProcessingInitializeOnLoad (7ms)
			EditorAssembliesLoaded (0ms)
		ExecutionOrderSort2 (0ms)
		AwakeInstancesAfterBackupRestoration (9ms)
Launched and connected shader compiler UnityShaderCompiler.exe after 0.13 seconds
Refreshing native plugins compatible for Editor in 34.91 ms, found 4 plugins.
Preloading 0 native plugins for Editor in 0.00 ms.
Unloading 4786 Unused Serialized files (Serialized files now loaded: 0)
Unloading 33 unused Assets / (57.8 KB). Loaded Objects now: 5254.
Memory consumption went from 163.3 MB to 163.2 MB.
Total: 8.820600 ms (FindLiveObjects: 0.360600 ms CreateObjectMapping: 0.136700 ms MarkObjects: 7.029500 ms  DeleteObjects: 1.292300 ms)

AssetImportParameters requested are different than current active one (requested -> active):
  custom:container-demuxer-ogg: 62fdf1f143b41e24485cea50d1cbac27 -> 
  custom:video-decoder-ogg-theora: a1e56fd34408186e4bbccfd4996cb3dc -> 
  custom:framework-win-MediaFoundation: 216162199b28c13a410421893ffa2e32 -> 
  custom:CustomObjectIndexerAttribute: 9a22284fe3817be447336de3de66b15e -> 
  custom:container-demuxer-webm: 4f35f7cbe854078d1ac9338744f61a02 -> 
  custom:container-muxer-webm: aa71ff27fc2769a1b78a27578f13a17b -> 
  custom:video-decoder-webm-vp8: 9c59270c3fd7afecdb556c50c9e8de78 -> 
  custom:SearchIndexIgnoredProperties: e643bd26f0fe6173181afceb89e7c659 -> 
  custom:AudioImporter_EditorPlatform: d09bf68614088b80899f8185d706f6e7 -> 
  custom:video-encoder-webm-vp8: eb34c28f22e8b96e1ab97ce403110664 -> 
  custom:audio-decoder-ogg-vorbis: bf7c407c2cedff20999df2af8eb42d56 -> 
  custom:audio-encoder-webm-vorbis: bf7c407c2cedff20999df2af8eb42d56 -> 
========================================================================
Received Import Request.
  Time since last request: 265109.247340 seconds.
  path: Assets/Scenes/Avatar.unity
  artifactKey: Guid(3fc8acdd13e6c734bafef6554d6fdbcd) Importer(815301076,1909f56bfc062723c751e8b465ee728b)
Start importing Assets/Scenes/Avatar.unity using Guid(3fc8acdd13e6c734bafef6554d6fdbcd) Importer(815301076,1909f56bfc062723c751e8b465ee728b) [PhysX] Initialized MultithreadedTaskDispatcher with 18 workers.
 -> (artifact id: 'ababaeb40ff1e5287df3b3c3175b6213') in 0.007196 seconds
Number of updated asset objects reloaded before import = 1
Number of asset objects unloaded after import = 0
========================================================================
Received Prepare
Caller must complete domain reload
0x00007ff62349d08d (Unity) StackWalker::GetCurrentCallstack
0x00007ff6234a2169 (Unity) StackWalker::ShowCallstack
0x00007ff62448f231 (Unity) GetStacktrace
0x00007ff624b49e6e (Unity) DebugStringToFile
0x00007ff624b49baa (Unity) AssertImplementation
0x00007ff62432d9fc (Unity) Internal_ADB_WorkerOnly_DomainReload
0x00007ff624813484 (Unity) WorkerDomainReloadV2
0x00007ff624834695 (Unity) <lambda_b37b41f03089e3cb3f55061bbc93253d>::operator()
0x00007ff62486fea2 (Unity) asio::detail::completion_handler<core::mutable_function<void __cdecl(void)>,asio::io_context::basic_executor_type<std::allocator<void>,0> >::do_complete
0x00007ff62485be4e (Unity) asio::detail::win_iocp_io_context::do_one
0x00007ff62485dab4 (Unity) asio::detail::win_iocp_io_context::run
0x00007ff62486e24c (Unity) IOService::Run
0x00007ff6248416cf (Unity) AssetImportWorkerClient::Run
0x00007ff62480d037 (Unity) RunAssetImportWorkerClientV2
0x00007ff62480d0bb (Unity) RunAssetImporterV2
0x00007ff6240076fe (Unity) Application::InitializeProject
0x00007ff624499ed5 (Unity) WinMain
0x00007ff62584b7be (Unity) __scrt_common_main_seh
0x00007ff8a091e8d7 (KERNEL32) BaseThreadInitThunk
0x00007ff8a0abbf6c (ntdll) RtlUserThreadStart

Begin MonoManager ReloadAssembly
Symbol file LoadedFromMemory is not a mono symbol file
- Loaded All Assemblies, in  4.017 seconds
Native extension for WindowsStandalone target not found
Mono: successfully reloaded assembly
[Package Manager] Server::EnsureServerProcessIsRunning -- launch failed, reason: Unity was launched with the -noUpm command-line argument
[Package Manager] UpmClient::Send -- Unable to send message (not connected to UPM process).
[Package Manager] Cannot connect to Unity Package Manager local server
- Finished resetting the current domain, in  1.446 seconds
Domain Reload Profiling: 5456ms
	BeginReloadAssembly (2993ms)
		ExecutionOrderSort (0ms)
		DisableScriptedObjects (2527ms)
		BackupInstance (0ms)
		ReleaseScriptingObjects (0ms)
		CreateAndSetChildDomain (190ms)
	RebuildCommonClasses (57ms)
	RebuildNativeTypeToScriptingClass (18ms)
	initialDomainReloadingComplete (72ms)
	LoadAllAssembliesAndSetupDomain (870ms)
		LoadAssemblies (1002ms)
		RebuildTransferFunctionScriptingTraits (0ms)
		AnalyzeDomain (55ms)
			TypeCache.Refresh (25ms)
				TypeCache.ScanAssembly (0ms)
			ScanForSourceGeneratedMonoScriptInfo (1ms)
			ResolveRequiredComponents (25ms)
	FinalizeReload (1447ms)
		ReleaseScriptCaches (0ms)
		RebuildScriptCaches (0ms)
		SetupLoadedEditorAssemblies (1060ms)
			LogAssemblyErrors (0ms)
			InitializePlatformSupportModulesInManaged (27ms)
			SetLoadedEditorAssemblies (25ms)
			RefreshPlugins (0ms)
			BeforeProcessingInitializeOnLoad (222ms)
			ProcessInitializeOnLoadAttributes (702ms)
			ProcessInitializeOnLoadMethodAttributes (68ms)
			AfterProcessingInitializeOnLoad (15ms)
			EditorAssembliesLoaded (1ms)
		ExecutionOrderSort2 (0ms)
		AwakeInstancesAfterBackupRestoration (20ms)
Refreshing native plugins compatible for Editor in 25.15 ms, found 4 plugins.
Preloading 0 native plugins for Editor in 0.00 ms.
Unloading 4751 Unused Serialized files (Serialized files now loaded: 0)
Unloading 20 unused Assets / (31.7 KB). Loaded Objects now: 5259.
Memory consumption went from 155.7 MB to 155.6 MB.
Total: 6.239100 ms (FindLiveObjects: 0.315700 ms CreateObjectMapping: 0.092000 ms MarkObjects: 5.694600 ms  DeleteObjects: 0.135700 ms)

Prepare: number of updated asset objects reloaded= 0
AssetImportParameters requested are different than current active one (requested -> active):
  custom:container-demuxer-ogg: 62fdf1f143b41e24485cea50d1cbac27 -> 
  custom:video-decoder-ogg-theora: a1e56fd34408186e4bbccfd4996cb3dc -> 
  custom:framework-win-MediaFoundation: 216162199b28c13a410421893ffa2e32 -> 
  custom:CustomObjectIndexerAttribute: 9a22284fe3817be447336de3de66b15e -> 
  custom:container-demuxer-webm: 4f35f7cbe854078d1ac9338744f61a02 -> 
  custom:container-muxer-webm: aa71ff27fc2769a1b78a27578f13a17b -> 
  custom:video-decoder-webm-vp8: 9c59270c3fd7afecdb556c50c9e8de78 -> 
  custom:SearchIndexIgnoredProperties: e643bd26f0fe6173181afceb89e7c659 -> 
  custom:AudioImporter_EditorPlatform: d09bf68614088b80899f8185d706f6e7 -> 
  custom:video-encoder-webm-vp8: eb34c28f22e8b96e1ab97ce403110664 -> 
  custom:audio-decoder-ogg-vorbis: bf7c407c2cedff20999df2af8eb42d56 -> 
  custom:audio-encoder-webm-vorbis: bf7c407c2cedff20999df2af8eb42d56 -> 
========================================================================
Received Prepare
Caller must complete domain reload
0x00007ff62349d08d (Unity) StackWalker::GetCurrentCallstack
0x00007ff6234a2169 (Unity) StackWalker::ShowCallstack
0x00007ff62448f231 (Unity) GetStacktrace
0x00007ff624b49e6e (Unity) DebugStringToFile
0x00007ff624b49baa (Unity) AssertImplementation
0x00007ff62432d9fc (Unity) Internal_ADB_WorkerOnly_DomainReload
0x00007ff624813484 (Unity) WorkerDomainReloadV2
0x00007ff624834695 (Unity) <lambda_b37b41f03089e3cb3f55061bbc93253d>::operator()
0x00007ff62486fea2 (Unity) asio::detail::completion_handler<core::mutable_function<void __cdecl(void)>,asio::io_context::basic_executor_type<std::allocator<void>,0> >::do_complete
0x00007ff62485be4e (Unity) asio::detail::win_iocp_io_context::do_one
0x00007ff62485dab4 (Unity) asio::detail::win_iocp_io_context::run
0x00007ff62486e24c (Unity) IOService::Run
0x00007ff6248416cf (Unity) AssetImportWorkerClient::Run
0x00007ff62480d037 (Unity) RunAssetImportWorkerClientV2
0x00007ff62480d0bb (Unity) RunAssetImporterV2
0x00007ff6240076fe (Unity) Application::InitializeProject
0x00007ff624499ed5 (Unity) WinMain
0x00007ff62584b7be (Unity) __scrt_common_main_seh
0x00007ff8a091e8d7 (KERNEL32) BaseThreadInitThunk
0x00007ff8a0abbf6c (ntdll) RtlUserThreadStart

Begin MonoManager ReloadAssembly
Symbol file LoadedFromMemory is not a mono symbol file
- Loaded All Assemblies, in  0.719 seconds
Native extension for WindowsStandalone target not found
Mono: successfully reloaded assembly
[Package Manager] Server::EnsureServerProcessIsRunning -- launch failed, reason: Unity was launched with the -noUpm command-line argument
[Package Manager] UpmClient::Send -- Unable to send message (not connected to UPM process).
[Package Manager] Cannot connect to Unity Package Manager local server
- Finished resetting the current domain, in  2.526 seconds
Domain Reload Profiling: 3234ms
	BeginReloadAssembly (180ms)
		ExecutionOrderSort (0ms)
		DisableScriptedObjects (15ms)
		BackupInstance (0ms)
		ReleaseScriptingObjects (0ms)
		CreateAndSetChildDomain (43ms)
	RebuildCommonClasses (36ms)
	RebuildNativeTypeToScriptingClass (13ms)
	initialDomainReloadingComplete (41ms)
	LoadAllAssembliesAndSetupDomain (438ms)
		LoadAssemblies (516ms)
		RebuildTransferFunctionScriptingTraits (0ms)
		AnalyzeDomain (16ms)
			TypeCache.Refresh (6ms)
				TypeCache.ScanAssembly (0ms)
			ScanForSourceGeneratedMonoScriptInfo (0ms)
			ResolveRequiredComponents (8ms)
	FinalizeReload (2526ms)
		ReleaseScriptCaches (0ms)
		RebuildScriptCaches (0ms)
		SetupLoadedEditorAssemblies (582ms)
			LogAssemblyErrors (0ms)
			InitializePlatformSupportModulesInManaged (9ms)
			SetLoadedEditorAssemblies (5ms)
			RefreshPlugins (0ms)
			BeforeProcessingInitializeOnLoad (137ms)
			ProcessInitializeOnLoadAttributes (388ms)
			ProcessInitializeOnLoadMethodAttributes (34ms)
			AfterProcessingInitializeOnLoad (8ms)
			EditorAssembliesLoaded (0ms)
		ExecutionOrderSort2 (0ms)
		AwakeInstancesAfterBackupRestoration (15ms)
Refreshing native plugins compatible for Editor in 15.39 ms, found 4 plugins.
Preloading 0 native plugins for Editor in 0.00 ms.
Unloading 4752 Unused Serialized files (Serialized files now loaded: 0)
Unloading 20 unused Assets / (31.7 KB). Loaded Objects now: 5263.
Memory consumption went from 155.9 MB to 155.9 MB.
Total: 4.212400 ms (FindLiveObjects: 0.341000 ms CreateObjectMapping: 0.090700 ms MarkObjects: 3.726100 ms  DeleteObjects: 0.053600 ms)

Prepare: number of updated asset objects reloaded= 0
AssetImportParameters requested are different than current active one (requested -> active):
  custom:container-demuxer-ogg: 62fdf1f143b41e24485cea50d1cbac27 -> 
  custom:video-decoder-ogg-theora: a1e56fd34408186e4bbccfd4996cb3dc -> 
  custom:framework-win-MediaFoundation: 216162199b28c13a410421893ffa2e32 -> 
  custom:CustomObjectIndexerAttribute: 9a22284fe3817be447336de3de66b15e -> 
  custom:container-demuxer-webm: 4f35f7cbe854078d1ac9338744f61a02 -> 
  custom:container-muxer-webm: aa71ff27fc2769a1b78a27578f13a17b -> 
  custom:video-decoder-webm-vp8: 9c59270c3fd7afecdb556c50c9e8de78 -> 
  custom:SearchIndexIgnoredProperties: e643bd26f0fe6173181afceb89e7c659 -> 
  custom:AudioImporter_EditorPlatform: d09bf68614088b80899f8185d706f6e7 -> 
  custom:video-encoder-webm-vp8: eb34c28f22e8b96e1ab97ce403110664 -> 
  custom:audio-decoder-ogg-vorbis: bf7c407c2cedff20999df2af8eb42d56 -> 
  custom:audio-encoder-webm-vorbis: bf7c407c2cedff20999df2af8eb42d56 -> 
========================================================================
Received Prepare
Caller must complete domain reload
0x00007ff62349d08d (Unity) StackWalker::GetCurrentCallstack
0x00007ff6234a2169 (Unity) StackWalker::ShowCallstack
0x00007ff62448f231 (Unity) GetStacktrace
0x00007ff624b49e6e (Unity) DebugStringToFile
0x00007ff624b49baa (Unity) AssertImplementation
0x00007ff62432d9fc (Unity) Internal_ADB_WorkerOnly_DomainReload
0x00007ff624813484 (Unity) WorkerDomainReloadV2
0x00007ff624834695 (Unity) <lambda_b37b41f03089e3cb3f55061bbc93253d>::operator()
0x00007ff62486fea2 (Unity) asio::detail::completion_handler<core::mutable_function<void __cdecl(void)>,asio::io_context::basic_executor_type<std::allocator<void>,0> >::do_complete
0x00007ff62485be4e (Unity) asio::detail::win_iocp_io_context::do_one
0x00007ff62485dab4 (Unity) asio::detail::win_iocp_io_context::run
0x00007ff62486e24c (Unity) IOService::Run
0x00007ff6248416cf (Unity) AssetImportWorkerClient::Run
0x00007ff62480d037 (Unity) RunAssetImportWorkerClientV2
0x00007ff62480d0bb (Unity) RunAssetImporterV2
0x00007ff6240076fe (Unity) Application::InitializeProject
0x00007ff624499ed5 (Unity) WinMain
0x00007ff62584b7be (Unity) __scrt_common_main_seh
0x00007ff8a091e8d7 (KERNEL32) BaseThreadInitThunk
0x00007ff8a0abbf6c (ntdll) RtlUserThreadStart

Begin MonoManager ReloadAssembly
Symbol file LoadedFromMemory is not a mono symbol file
- Loaded All Assemblies, in  0.666 seconds
Native extension for WindowsStandalone target not found
Mono: successfully reloaded assembly
[Package Manager] Server::EnsureServerProcessIsRunning -- launch failed, reason: Unity was launched with the -noUpm command-line argument
[Package Manager] UpmClient::Send -- Unable to send message (not connected to UPM process).
[Package Manager] Cannot connect to Unity Package Manager local server
- Finished resetting the current domain, in  2.084 seconds
Domain Reload Profiling: 2745ms
	BeginReloadAssembly (193ms)
		ExecutionOrderSort (0ms)
		DisableScriptedObjects (11ms)
		BackupInstance (0ms)
		ReleaseScriptingObjects (0ms)
		CreateAndSetChildDomain (48ms)
	RebuildCommonClasses (44ms)
	RebuildNativeTypeToScriptingClass (12ms)
	initialDomainReloadingComplete (47ms)
	LoadAllAssembliesAndSetupDomain (365ms)
		LoadAssemblies (443ms)
		RebuildTransferFunctionScriptingTraits (0ms)
		AnalyzeDomain (13ms)
			TypeCache.Refresh (5ms)
				TypeCache.ScanAssembly (0ms)
			ScanForSourceGeneratedMonoScriptInfo (0ms)
			ResolveRequiredComponents (6ms)
	FinalizeReload (2085ms)
		ReleaseScriptCaches (0ms)
		RebuildScriptCaches (0ms)
		SetupLoadedEditorAssemblies (748ms)
			LogAssemblyErrors (0ms)
			InitializePlatformSupportModulesInManaged (13ms)
			SetLoadedEditorAssemblies (7ms)
			RefreshPlugins (0ms)
			BeforeProcessingInitializeOnLoad (150ms)
			ProcessInitializeOnLoadAttributes (505ms)
			ProcessInitializeOnLoadMethodAttributes (60ms)
			AfterProcessingInitializeOnLoad (13ms)
			EditorAssembliesLoaded (1ms)
		ExecutionOrderSort2 (0ms)
		AwakeInstancesAfterBackupRestoration (18ms)
Refreshing native plugins compatible for Editor in 17.12 ms, found 4 plugins.
Preloading 0 native plugins for Editor in 0.00 ms.
Unloading 4752 Unused Serialized files (Serialized files now loaded: 0)
Unloading 20 unused Assets / (31.7 KB). Loaded Objects now: 5267.
Memory consumption went from 155.9 MB to 155.9 MB.
Total: 6.920700 ms (FindLiveObjects: 0.548900 ms CreateObjectMapping: 0.125600 ms MarkObjects: 6.165100 ms  DeleteObjects: 0.078900 ms)

Prepare: number of updated asset objects reloaded= 0
AssetImportParameters requested are different than current active one (requested -> active):
  custom:container-demuxer-ogg: 62fdf1f143b41e24485cea50d1cbac27 -> 
  custom:video-decoder-ogg-theora: a1e56fd34408186e4bbccfd4996cb3dc -> 
  custom:framework-win-MediaFoundation: 216162199b28c13a410421893ffa2e32 -> 
  custom:CustomObjectIndexerAttribute: 9a22284fe3817be447336de3de66b15e -> 
  custom:container-demuxer-webm: 4f35f7cbe854078d1ac9338744f61a02 -> 
  custom:container-muxer-webm: aa71ff27fc2769a1b78a27578f13a17b -> 
  custom:video-decoder-webm-vp8: 9c59270c3fd7afecdb556c50c9e8de78 -> 
  custom:SearchIndexIgnoredProperties: e643bd26f0fe6173181afceb89e7c659 -> 
  custom:AudioImporter_EditorPlatform: d09bf68614088b80899f8185d706f6e7 -> 
  custom:video-encoder-webm-vp8: eb34c28f22e8b96e1ab97ce403110664 -> 
  custom:audio-decoder-ogg-vorbis: bf7c407c2cedff20999df2af8eb42d56 -> 
  custom:audio-encoder-webm-vorbis: bf7c407c2cedff20999df2af8eb42d56 -> 
========================================================================
Received Prepare
Caller must complete domain reload
0x00007ff62349d08d (Unity) StackWalker::GetCurrentCallstack
0x00007ff6234a2169 (Unity) StackWalker::ShowCallstack
0x00007ff62448f231 (Unity) GetStacktrace
0x00007ff624b49e6e (Unity) DebugStringToFile
0x00007ff624b49baa (Unity) AssertImplementation
0x00007ff62432d9fc (Unity) Internal_ADB_WorkerOnly_DomainReload
0x00007ff624813484 (Unity) WorkerDomainReloadV2
0x00007ff624834695 (Unity) <lambda_b37b41f03089e3cb3f55061bbc93253d>::operator()
0x00007ff62486fea2 (Unity) asio::detail::completion_handler<core::mutable_function<void __cdecl(void)>,asio::io_context::basic_executor_type<std::allocator<void>,0> >::do_complete
0x00007ff62485be4e (Unity) asio::detail::win_iocp_io_context::do_one
0x00007ff62485dab4 (Unity) asio::detail::win_iocp_io_context::run
0x00007ff62486e24c (Unity) IOService::Run
0x00007ff6248416cf (Unity) AssetImportWorkerClient::Run
0x00007ff62480d037 (Unity) RunAssetImportWorkerClientV2
0x00007ff62480d0bb (Unity) RunAssetImporterV2
0x00007ff6240076fe (Unity) Application::InitializeProject
0x00007ff624499ed5 (Unity) WinMain
0x00007ff62584b7be (Unity) __scrt_common_main_seh
0x00007ff8a091e8d7 (KERNEL32) BaseThreadInitThunk
0x00007ff8a0abbf6c (ntdll) RtlUserThreadStart

Begin MonoManager ReloadAssembly
Symbol file LoadedFromMemory is not a mono symbol file
- Loaded All Assemblies, in  3.264 seconds
Native extension for WindowsStandalone target not found
Mono: successfully reloaded assembly
[Package Manager] Server::EnsureServerProcessIsRunning -- launch failed, reason: Unity was launched with the -noUpm command-line argument
[Package Manager] UpmClient::Send -- Unable to send message (not connected to UPM process).
[Package Manager] Cannot connect to Unity Package Manager local server
- Finished resetting the current domain, in  3.800 seconds
Domain Reload Profiling: 7061ms
	BeginReloadAssembly (791ms)
		ExecutionOrderSort (1ms)
		DisableScriptedObjects (100ms)
		BackupInstance (0ms)
		ReleaseScriptingObjects (1ms)
		CreateAndSetChildDomain (218ms)
	RebuildCommonClasses (73ms)
	RebuildNativeTypeToScriptingClass (23ms)
	initialDomainReloadingComplete (98ms)
	LoadAllAssembliesAndSetupDomain (2275ms)
		LoadAssemblies (2552ms)
		RebuildTransferFunctionScriptingTraits (0ms)
		AnalyzeDomain (56ms)
			TypeCache.Refresh (36ms)
				TypeCache.ScanAssembly (0ms)
			ScanForSourceGeneratedMonoScriptInfo (0ms)
			ResolveRequiredComponents (18ms)
	FinalizeReload (3801ms)
		ReleaseScriptCaches (0ms)
		RebuildScriptCaches (0ms)
		SetupLoadedEditorAssemblies (709ms)
			LogAssemblyErrors (0ms)
			InitializePlatformSupportModulesInManaged (26ms)
			SetLoadedEditorAssemblies (19ms)
			RefreshPlugins (0ms)
			BeforeProcessingInitializeOnLoad (163ms)
			ProcessInitializeOnLoadAttributes (454ms)
			ProcessInitializeOnLoadMethodAttributes (39ms)
			AfterProcessingInitializeOnLoad (8ms)
			EditorAssembliesLoaded (0ms)
		ExecutionOrderSort2 (0ms)
		AwakeInstancesAfterBackupRestoration (12ms)
Refreshing native plugins compatible for Editor in 35.11 ms, found 4 plugins.
Preloading 0 native plugins for Editor in 0.00 ms.
Unloading 4752 Unused Serialized files (Serialized files now loaded: 0)
Unloading 20 unused Assets / (31.8 KB). Loaded Objects now: 5271.
Memory consumption went from 155.9 MB to 155.9 MB.
Total: 9.778700 ms (FindLiveObjects: 0.431600 ms CreateObjectMapping: 0.124000 ms MarkObjects: 9.122200 ms  DeleteObjects: 0.098700 ms)

Prepare: number of updated asset objects reloaded= 0
AssetImportParameters requested are different than current active one (requested -> active):
  custom:container-demuxer-ogg: 62fdf1f143b41e24485cea50d1cbac27 -> 
  custom:video-decoder-ogg-theora: a1e56fd34408186e4bbccfd4996cb3dc -> 
  custom:framework-win-MediaFoundation: 216162199b28c13a410421893ffa2e32 -> 
  custom:CustomObjectIndexerAttribute: 9a22284fe3817be447336de3de66b15e -> 
  custom:container-demuxer-webm: 4f35f7cbe854078d1ac9338744f61a02 -> 
  custom:container-muxer-webm: aa71ff27fc2769a1b78a27578f13a17b -> 
  custom:video-decoder-webm-vp8: 9c59270c3fd7afecdb556c50c9e8de78 -> 
  custom:SearchIndexIgnoredProperties: e643bd26f0fe6173181afceb89e7c659 -> 
  custom:AudioImporter_EditorPlatform: d09bf68614088b80899f8185d706f6e7 -> 
  custom:video-encoder-webm-vp8: eb34c28f22e8b96e1ab97ce403110664 -> 
  custom:audio-decoder-ogg-vorbis: bf7c407c2cedff20999df2af8eb42d56 -> 
  custom:audio-encoder-webm-vorbis: bf7c407c2cedff20999df2af8eb42d56 -> 
========================================================================
Received Prepare
Caller must complete domain reload
0x00007ff62349d08d (Unity) StackWalker::GetCurrentCallstack
0x00007ff6234a2169 (Unity) StackWalker::ShowCallstack
0x00007ff62448f231 (Unity) GetStacktrace
0x00007ff624b49e6e (Unity) DebugStringToFile
0x00007ff624b49baa (Unity) AssertImplementation
0x00007ff62432d9fc (Unity) Internal_ADB_WorkerOnly_DomainReload
0x00007ff624813484 (Unity) WorkerDomainReloadV2
0x00007ff624834695 (Unity) <lambda_b37b41f03089e3cb3f55061bbc93253d>::operator()
0x00007ff62486fea2 (Unity) asio::detail::completion_handler<core::mutable_function<void __cdecl(void)>,asio::io_context::basic_executor_type<std::allocator<void>,0> >::do_complete
0x00007ff62485be4e (Unity) asio::detail::win_iocp_io_context::do_one
0x00007ff62485dab4 (Unity) asio::detail::win_iocp_io_context::run
0x00007ff62486e24c (Unity) IOService::Run
0x00007ff6248416cf (Unity) AssetImportWorkerClient::Run
0x00007ff62480d037 (Unity) RunAssetImportWorkerClientV2
0x00007ff62480d0bb (Unity) RunAssetImporterV2
0x00007ff6240076fe (Unity) Application::InitializeProject
0x00007ff624499ed5 (Unity) WinMain
0x00007ff62584b7be (Unity) __scrt_common_main_seh
0x00007ff8a091e8d7 (KERNEL32) BaseThreadInitThunk
0x00007ff8a0abbf6c (ntdll) RtlUserThreadStart

Begin MonoManager ReloadAssembly
Symbol file LoadedFromMemory is not a mono symbol file
- Loaded All Assemblies, in  0.695 seconds
Native extension for WindowsStandalone target not found
Mono: successfully reloaded assembly
[Package Manager] Server::EnsureServerProcessIsRunning -- launch failed, reason: Unity was launched with the -noUpm command-line argument
[Package Manager] UpmClient::Send -- Unable to send message (not connected to UPM process).
[Package Manager] Cannot connect to Unity Package Manager local server
- Finished resetting the current domain, in  1.938 seconds
Domain Reload Profiling: 2625ms
	BeginReloadAssembly (244ms)
		ExecutionOrderSort (0ms)
		DisableScriptedObjects (12ms)
		BackupInstance (0ms)
		ReleaseScriptingObjects (0ms)
		CreateAndSetChildDomain (50ms)
	RebuildCommonClasses (35ms)
	RebuildNativeTypeToScriptingClass (14ms)
	initialDomainReloadingComplete (38ms)
	LoadAllAssembliesAndSetupDomain (355ms)
		LoadAssemblies (479ms)
		RebuildTransferFunctionScriptingTraits (0ms)
		AnalyzeDomain (16ms)
			TypeCache.Refresh (7ms)
				TypeCache.ScanAssembly (0ms)
			ScanForSourceGeneratedMonoScriptInfo (0ms)
			ResolveRequiredComponents (7ms)
	FinalizeReload (1939ms)
		ReleaseScriptCaches (0ms)
		RebuildScriptCaches (0ms)
		SetupLoadedEditorAssemblies (699ms)
			LogAssemblyErrors (0ms)
			InitializePlatformSupportModulesInManaged (10ms)
			SetLoadedEditorAssemblies (7ms)
			RefreshPlugins (0ms)
			BeforeProcessingInitializeOnLoad (138ms)
			ProcessInitializeOnLoadAttributes (447ms)
			ProcessInitializeOnLoadMethodAttributes (75ms)
			AfterProcessingInitializeOnLoad (21ms)
			EditorAssembliesLoaded (1ms)
		ExecutionOrderSort2 (0ms)
		AwakeInstancesAfterBackupRestoration (22ms)
Refreshing native plugins compatible for Editor in 19.17 ms, found 4 plugins.
Preloading 0 native plugins for Editor in 0.00 ms.
Unloading 4752 Unused Serialized files (Serialized files now loaded: 0)
Unloading 20 unused Assets / (31.6 KB). Loaded Objects now: 5275.
Memory consumption went from 155.9 MB to 155.9 MB.
Total: 5.321800 ms (FindLiveObjects: 0.593500 ms CreateObjectMapping: 0.432300 ms MarkObjects: 4.229600 ms  DeleteObjects: 0.064900 ms)

Prepare: number of updated asset objects reloaded= 0
AssetImportParameters requested are different than current active one (requested -> active):
  custom:container-demuxer-ogg: 62fdf1f143b41e24485cea50d1cbac27 -> 
  custom:video-decoder-ogg-theora: a1e56fd34408186e4bbccfd4996cb3dc -> 
  custom:framework-win-MediaFoundation: 216162199b28c13a410421893ffa2e32 -> 
  custom:CustomObjectIndexerAttribute: 9a22284fe3817be447336de3de66b15e -> 
  custom:container-demuxer-webm: 4f35f7cbe854078d1ac9338744f61a02 -> 
  custom:container-muxer-webm: aa71ff27fc2769a1b78a27578f13a17b -> 
  custom:video-decoder-webm-vp8: 9c59270c3fd7afecdb556c50c9e8de78 -> 
  custom:SearchIndexIgnoredProperties: e643bd26f0fe6173181afceb89e7c659 -> 
  custom:AudioImporter_EditorPlatform: d09bf68614088b80899f8185d706f6e7 -> 
  custom:video-encoder-webm-vp8: eb34c28f22e8b96e1ab97ce403110664 -> 
  custom:audio-decoder-ogg-vorbis: bf7c407c2cedff20999df2af8eb42d56 -> 
  custom:audio-encoder-webm-vorbis: bf7c407c2cedff20999df2af8eb42d56 -> 
========================================================================
Received Prepare
Caller must complete domain reload
0x00007ff62349d08d (Unity) StackWalker::GetCurrentCallstack
0x00007ff6234a2169 (Unity) StackWalker::ShowCallstack
0x00007ff62448f231 (Unity) GetStacktrace
0x00007ff624b49e6e (Unity) DebugStringToFile
0x00007ff624b49baa (Unity) AssertImplementation
0x00007ff62432d9fc (Unity) Internal_ADB_WorkerOnly_DomainReload
0x00007ff624813484 (Unity) WorkerDomainReloadV2
0x00007ff624834695 (Unity) <lambda_b37b41f03089e3cb3f55061bbc93253d>::operator()
0x00007ff62486fea2 (Unity) asio::detail::completion_handler<core::mutable_function<void __cdecl(void)>,asio::io_context::basic_executor_type<std::allocator<void>,0> >::do_complete
0x00007ff62485be4e (Unity) asio::detail::win_iocp_io_context::do_one
0x00007ff62485dab4 (Unity) asio::detail::win_iocp_io_context::run
0x00007ff62486e24c (Unity) IOService::Run
0x00007ff6248416cf (Unity) AssetImportWorkerClient::Run
0x00007ff62480d037 (Unity) RunAssetImportWorkerClientV2
0x00007ff62480d0bb (Unity) RunAssetImporterV2
0x00007ff6240076fe (Unity) Application::InitializeProject
0x00007ff624499ed5 (Unity) WinMain
0x00007ff62584b7be (Unity) __scrt_common_main_seh
0x00007ff8a091e8d7 (KERNEL32) BaseThreadInitThunk
0x00007ff8a0abbf6c (ntdll) RtlUserThreadStart

Begin MonoManager ReloadAssembly
Symbol file LoadedFromMemory is not a mono symbol file
- Loaded All Assemblies, in  0.679 seconds
Native extension for WindowsStandalone target not found
Mono: successfully reloaded assembly
[Package Manager] Server::EnsureServerProcessIsRunning -- launch failed, reason: Unity was launched with the -noUpm command-line argument
[Package Manager] UpmClient::Send -- Unable to send message (not connected to UPM process).
[Package Manager] Cannot connect to Unity Package Manager local server
- Finished resetting the current domain, in  1.656 seconds
Domain Reload Profiling: 2330ms
	BeginReloadAssembly (229ms)
		ExecutionOrderSort (0ms)
		DisableScriptedObjects (12ms)
		BackupInstance (0ms)
		ReleaseScriptingObjects (0ms)
		CreateAndSetChildDomain (50ms)
	RebuildCommonClasses (37ms)
	RebuildNativeTypeToScriptingClass (12ms)
	initialDomainReloadingComplete (36ms)
	LoadAllAssembliesAndSetupDomain (360ms)
		LoadAssemblies (471ms)
		RebuildTransferFunctionScriptingTraits (0ms)
		AnalyzeDomain (19ms)
			TypeCache.Refresh (6ms)
				TypeCache.ScanAssembly (0ms)
			ScanForSourceGeneratedMonoScriptInfo (0ms)
			ResolveRequiredComponents (11ms)
	FinalizeReload (1657ms)
		ReleaseScriptCaches (0ms)
		RebuildScriptCaches (0ms)
		SetupLoadedEditorAssemblies (615ms)
			LogAssemblyErrors (0ms)
			InitializePlatformSupportModulesInManaged (10ms)
			SetLoadedEditorAssemblies (5ms)
			RefreshPlugins (0ms)
			BeforeProcessingInitializeOnLoad (110ms)
			ProcessInitializeOnLoadAttributes (429ms)
			ProcessInitializeOnLoadMethodAttributes (49ms)
			AfterProcessingInitializeOnLoad (12ms)
			EditorAssembliesLoaded (0ms)
		ExecutionOrderSort2 (0ms)
		AwakeInstancesAfterBackupRestoration (18ms)
Refreshing native plugins compatible for Editor in 15.37 ms, found 4 plugins.
Preloading 0 native plugins for Editor in 0.00 ms.
Unloading 4752 Unused Serialized files (Serialized files now loaded: 0)
Unloading 20 unused Assets / (31.6 KB). Loaded Objects now: 5279.
Memory consumption went from 155.9 MB to 155.9 MB.
Total: 7.236900 ms (FindLiveObjects: 0.955500 ms CreateObjectMapping: 0.524400 ms MarkObjects: 5.695300 ms  DeleteObjects: 0.060100 ms)

Prepare: number of updated asset objects reloaded= 0
AssetImportParameters requested are different than current active one (requested -> active):
  custom:container-demuxer-ogg: 62fdf1f143b41e24485cea50d1cbac27 -> 
  custom:video-decoder-ogg-theora: a1e56fd34408186e4bbccfd4996cb3dc -> 
  custom:framework-win-MediaFoundation: 216162199b28c13a410421893ffa2e32 -> 
  custom:CustomObjectIndexerAttribute: 9a22284fe3817be447336de3de66b15e -> 
  custom:container-demuxer-webm: 4f35f7cbe854078d1ac9338744f61a02 -> 
  custom:container-muxer-webm: aa71ff27fc2769a1b78a27578f13a17b -> 
  custom:video-decoder-webm-vp8: 9c59270c3fd7afecdb556c50c9e8de78 -> 
  custom:SearchIndexIgnoredProperties: e643bd26f0fe6173181afceb89e7c659 -> 
  custom:AudioImporter_EditorPlatform: d09bf68614088b80899f8185d706f6e7 -> 
  custom:video-encoder-webm-vp8: eb34c28f22e8b96e1ab97ce403110664 -> 
  custom:audio-decoder-ogg-vorbis: bf7c407c2cedff20999df2af8eb42d56 -> 
  custom:audio-encoder-webm-vorbis: bf7c407c2cedff20999df2af8eb42d56 -> 
========================================================================
Received Prepare
Caller must complete domain reload
0x00007ff62349d08d (Unity) StackWalker::GetCurrentCallstack
0x00007ff6234a2169 (Unity) StackWalker::ShowCallstack
0x00007ff62448f231 (Unity) GetStacktrace
0x00007ff624b49e6e (Unity) DebugStringToFile
0x00007ff624b49baa (Unity) AssertImplementation
0x00007ff62432d9fc (Unity) Internal_ADB_WorkerOnly_DomainReload
0x00007ff624813484 (Unity) WorkerDomainReloadV2
0x00007ff624834695 (Unity) <lambda_b37b41f03089e3cb3f55061bbc93253d>::operator()
0x00007ff62486fea2 (Unity) asio::detail::completion_handler<core::mutable_function<void __cdecl(void)>,asio::io_context::basic_executor_type<std::allocator<void>,0> >::do_complete
0x00007ff62485be4e (Unity) asio::detail::win_iocp_io_context::do_one
0x00007ff62485dab4 (Unity) asio::detail::win_iocp_io_context::run
0x00007ff62486e24c (Unity) IOService::Run
0x00007ff6248416cf (Unity) AssetImportWorkerClient::Run
0x00007ff62480d037 (Unity) RunAssetImportWorkerClientV2
0x00007ff62480d0bb (Unity) RunAssetImporterV2
0x00007ff6240076fe (Unity) Application::InitializeProject
0x00007ff624499ed5 (Unity) WinMain
0x00007ff62584b7be (Unity) __scrt_common_main_seh
0x00007ff8a091e8d7 (KERNEL32) BaseThreadInitThunk
0x00007ff8a0abbf6c (ntdll) RtlUserThreadStart

Begin MonoManager ReloadAssembly
Symbol file LoadedFromMemory is not a mono symbol file
- Loaded All Assemblies, in  0.767 seconds
Native extension for WindowsStandalone target not found
Mono: successfully reloaded assembly
[Package Manager] Server::EnsureServerProcessIsRunning -- launch failed, reason: Unity was launched with the -noUpm command-line argument
[Package Manager] UpmClient::Send -- Unable to send message (not connected to UPM process).
[Package Manager] Cannot connect to Unity Package Manager local server
- Finished resetting the current domain, in  2.622 seconds
Domain Reload Profiling: 3384ms
	BeginReloadAssembly (235ms)
		ExecutionOrderSort (0ms)
		DisableScriptedObjects (18ms)
		BackupInstance (0ms)
		ReleaseScriptingObjects (0ms)
		CreateAndSetChildDomain (59ms)
	RebuildCommonClasses (37ms)
	RebuildNativeTypeToScriptingClass (9ms)
	initialDomainReloadingComplete (40ms)
	LoadAllAssembliesAndSetupDomain (440ms)
		LoadAssemblies (536ms)
		RebuildTransferFunctionScriptingTraits (0ms)
		AnalyzeDomain (14ms)
			TypeCache.Refresh (6ms)
				TypeCache.ScanAssembly (0ms)
			ScanForSourceGeneratedMonoScriptInfo (0ms)
			ResolveRequiredComponents (6ms)
	FinalizeReload (2623ms)
		ReleaseScriptCaches (0ms)
		RebuildScriptCaches (0ms)
		SetupLoadedEditorAssemblies (608ms)
			LogAssemblyErrors (0ms)
			InitializePlatformSupportModulesInManaged (10ms)
			SetLoadedEditorAssemblies (7ms)
			RefreshPlugins (0ms)
			BeforeProcessingInitializeOnLoad (118ms)
			ProcessInitializeOnLoadAttributes (405ms)
			ProcessInitializeOnLoadMethodAttributes (50ms)
			AfterProcessingInitializeOnLoad (18ms)
			EditorAssembliesLoaded (1ms)
		ExecutionOrderSort2 (0ms)
		AwakeInstancesAfterBackupRestoration (20ms)
Refreshing native plugins compatible for Editor in 14.75 ms, found 4 plugins.
Preloading 0 native plugins for Editor in 0.00 ms.
Unloading 4752 Unused Serialized files (Serialized files now loaded: 0)
Unloading 20 unused Assets / (31.7 KB). Loaded Objects now: 5283.
Memory consumption went from 156.0 MB to 155.9 MB.
Total: 6.220100 ms (FindLiveObjects: 0.513900 ms CreateObjectMapping: 0.111000 ms MarkObjects: 5.530800 ms  DeleteObjects: 0.063000 ms)

Prepare: number of updated asset objects reloaded= 0
AssetImportParameters requested are different than current active one (requested -> active):
  custom:container-demuxer-ogg: 62fdf1f143b41e24485cea50d1cbac27 -> 
  custom:video-decoder-ogg-theora: a1e56fd34408186e4bbccfd4996cb3dc -> 
  custom:framework-win-MediaFoundation: 216162199b28c13a410421893ffa2e32 -> 
  custom:CustomObjectIndexerAttribute: 9a22284fe3817be447336de3de66b15e -> 
  custom:container-demuxer-webm: 4f35f7cbe854078d1ac9338744f61a02 -> 
  custom:container-muxer-webm: aa71ff27fc2769a1b78a27578f13a17b -> 
  custom:video-decoder-webm-vp8: 9c59270c3fd7afecdb556c50c9e8de78 -> 
  custom:SearchIndexIgnoredProperties: e643bd26f0fe6173181afceb89e7c659 -> 
  custom:AudioImporter_EditorPlatform: d09bf68614088b80899f8185d706f6e7 -> 
  custom:video-encoder-webm-vp8: eb34c28f22e8b96e1ab97ce403110664 -> 
  custom:audio-decoder-ogg-vorbis: bf7c407c2cedff20999df2af8eb42d56 -> 
  custom:audio-encoder-webm-vorbis: bf7c407c2cedff20999df2af8eb42d56 -> 
========================================================================
Received Import Request.
  Time since last request: 5271.479143 seconds.
  path: Assets/UI/360_F_327422453_nfVyLAYGwWB8EQA95cRINiYMGoVazpHc-removebg-preview (1) 1.png
  artifactKey: Guid(82e4522a94de4414cbec44a04e314e4a) Importer(815301076,1909f56bfc062723c751e8b465ee728b)
Start importing Assets/UI/360_F_327422453_nfVyLAYGwWB8EQA95cRINiYMGoVazpHc-removebg-preview (1) 1.png using Guid(82e4522a94de4414cbec44a04e314e4a) Importer(815301076,1909f56bfc062723c751e8b465ee728b) [PhysX] Initialized MultithreadedTaskDispatcher with 18 workers.
[PhysX] Initialized MultithreadedTaskDispatcher with 18 workers.
 -> (artifact id: '10503c0ab8c3efd907fedab1ac7017a7') in 3.760883 seconds
Number of updated asset objects reloaded before import = 0
Number of asset objects unloaded after import = 3
========================================================================
Received Import Request.
  Time since last request: 0.000608 seconds.
  path: Assets/UI/Person_icon_BLACK-01.svg 1.png
  artifactKey: Guid(a072b77d67e1ab5478dbb10e153ed288) Importer(815301076,1909f56bfc062723c751e8b465ee728b)
Start importing Assets/UI/Person_icon_BLACK-01.svg 1.png using Guid(a072b77d67e1ab5478dbb10e153ed288) Importer(815301076,1909f56bfc062723c751e8b465ee728b) [PhysX] Initialized MultithreadedTaskDispatcher with 18 workers.
[PhysX] Initialized MultithreadedTaskDispatcher with 18 workers.
 -> (artifact id: '2a9e51c18b5915a854710fd96e4fa790') in 0.092190 seconds
Number of updated asset objects reloaded before import = 0
Number of asset objects unloaded after import = 3
========================================================================
Received Import Request.
  Time since last request: 0.000058 seconds.
  path: Assets/UI/Group 36720.png
  artifactKey: Guid(7372ac305ffc5384faa69bb97d6001eb) Importer(815301076,1909f56bfc062723c751e8b465ee728b)
Start importing Assets/UI/Group 36720.png using Guid(7372ac305ffc5384faa69bb97d6001eb) Importer(815301076,1909f56bfc062723c751e8b465ee728b) [PhysX] Initialized MultithreadedTaskDispatcher with 18 workers.
[PhysX] Initialized MultithreadedTaskDispatcher with 18 workers.
 -> (artifact id: 'ef43426a73e44a90b34d107ad75ccd94') in 0.076464 seconds
Number of updated asset objects reloaded before import = 0
Number of asset objects unloaded after import = 3
========================================================================
Received Import Request.
  Time since last request: 0.000362 seconds.
  path: Assets/UI/RectangleCharacter.png
  artifactKey: Guid(746ed4ca385295e40b91a71ba56f052a) Importer(815301076,1909f56bfc062723c751e8b465ee728b)
Start importing Assets/UI/RectangleCharacter.png using Guid(746ed4ca385295e40b91a71ba56f052a) Importer(815301076,1909f56bfc062723c751e8b465ee728b) [PhysX] Initialized MultithreadedTaskDispatcher with 18 workers.
[PhysX] Initialized MultithreadedTaskDispatcher with 18 workers.
 -> (artifact id: '681edcec58a1250f7dab7e4ecda7933f') in 0.271239 seconds
Number of updated asset objects reloaded before import = 0
Number of asset objects unloaded after import = 3
========================================================================
Received Import Request.
  Time since last request: 4.985305 seconds.
  path: Assets/UI/UImenu/anti.png
  artifactKey: Guid(6f7258a59bc23834388db34bafbd09f4) Importer(815301076,1909f56bfc062723c751e8b465ee728b)
Start importing Assets/UI/UImenu/anti.png using Guid(6f7258a59bc23834388db34bafbd09f4) Importer(815301076,1909f56bfc062723c751e8b465ee728b) [PhysX] Initialized MultithreadedTaskDispatcher with 18 workers.
[PhysX] Initialized MultithreadedTaskDispatcher with 18 workers.
 -> (artifact id: 'ca3ee898ea75403726ed09e01b78713c') in 0.075846 seconds
Number of updated asset objects reloaded before import = 0
Number of asset objects unloaded after import = 3
========================================================================
Received Import Request.
  Time since last request: 0.000956 seconds.
  path: Assets/UI/UImenu/panel1.png
  artifactKey: Guid(89be6a19c2af35948b9cf51c9ed552cc) Importer(815301076,1909f56bfc062723c751e8b465ee728b)
Start importing Assets/UI/UImenu/panel1.png using Guid(89be6a19c2af35948b9cf51c9ed552cc) Importer(815301076,1909f56bfc062723c751e8b465ee728b) [PhysX] Initialized MultithreadedTaskDispatcher with 18 workers.
[PhysX] Initialized MultithreadedTaskDispatcher with 18 workers.
 -> (artifact id: '52e228725c4f4892eff40aa4287ebd40') in 0.087877 seconds
Number of updated asset objects reloaded before import = 0
Number of asset objects unloaded after import = 3
========================================================================
Received Import Request.
  Time since last request: 0.000047 seconds.
  path: Assets/UI/UImenu/menu.png
  artifactKey: Guid(6e7badac278b8754c9e150a894f27bcc) Importer(815301076,1909f56bfc062723c751e8b465ee728b)
Start importing Assets/UI/UImenu/menu.png using Guid(6e7badac278b8754c9e150a894f27bcc) Importer(815301076,1909f56bfc062723c751e8b465ee728b) [PhysX] Initialized MultithreadedTaskDispatcher with 18 workers.
[PhysX] Initialized MultithreadedTaskDispatcher with 18 workers.
 -> (artifact id: 'e8ac501c7a7b4f3780d8566c27652796') in 0.053212 seconds
Number of updated asset objects reloaded before import = 0
Number of asset objects unloaded after import = 3
========================================================================
Received Import Request.
  Time since last request: 0.000108 seconds.
  path: Assets/UI/UImenu/cereb.png
  artifactKey: Guid(bd2cbc707245d544ab5aaffd4aeb6074) Importer(815301076,1909f56bfc062723c751e8b465ee728b)
Start importing Assets/UI/UImenu/cereb.png using Guid(bd2cbc707245d544ab5aaffd4aeb6074) Importer(815301076,1909f56bfc062723c751e8b465ee728b) [PhysX] Initialized MultithreadedTaskDispatcher with 18 workers.
[PhysX] Initialized MultithreadedTaskDispatcher with 18 workers.
 -> (artifact id: '21d8a3b2ea6ed5470302c32f8110fe3f') in 0.052886 seconds
Number of updated asset objects reloaded before import = 0
Number of asset objects unloaded after import = 3
========================================================================
Received Import Request.
  Time since last request: 0.000035 seconds.
  path: Assets/UI/UImenu/Vector 3 (1).png
  artifactKey: Guid(f3d80cd5efe42544dad5dd7dc471e25a) Importer(815301076,1909f56bfc062723c751e8b465ee728b)
Start importing Assets/UI/UImenu/Vector 3 (1).png using Guid(f3d80cd5efe42544dad5dd7dc471e25a) Importer(815301076,1909f56bfc062723c751e8b465ee728b) [PhysX] Initialized MultithreadedTaskDispatcher with 18 workers.
[PhysX] Initialized MultithreadedTaskDispatcher with 18 workers.
 -> (artifact id: '2a56ea6ceda9a126435b7c4b788a352a') in 0.052299 seconds
Number of updated asset objects reloaded before import = 0
Number of asset objects unloaded after import = 3
========================================================================
Received Import Request.
  Time since last request: 0.000067 seconds.
  path: Assets/UI/UImenu/logo.png
  artifactKey: Guid(dd90d1a661b26634db5d51b1bc865e95) Importer(815301076,1909f56bfc062723c751e8b465ee728b)
Start importing Assets/UI/UImenu/logo.png using Guid(dd90d1a661b26634db5d51b1bc865e95) Importer(815301076,1909f56bfc062723c751e8b465ee728b) [PhysX] Initialized MultithreadedTaskDispatcher with 18 workers.
[PhysX] Initialized MultithreadedTaskDispatcher with 18 workers.
 -> (artifact id: '5a1798d508c5780d031e0c0424c40a9a') in 0.061883 seconds
Number of updated asset objects reloaded before import = 0
Number of asset objects unloaded after import = 3
========================================================================
Received Import Request.
  Time since last request: 0.000192 seconds.
  path: Assets/UI/UImenu/concentracion.png
  artifactKey: Guid(c6bae5b0714eb2a43b8aa2d98b5725aa) Importer(815301076,1909f56bfc062723c751e8b465ee728b)
Start importing Assets/UI/UImenu/concentracion.png using Guid(c6bae5b0714eb2a43b8aa2d98b5725aa) Importer(815301076,1909f56bfc062723c751e8b465ee728b) [PhysX] Initialized MultithreadedTaskDispatcher with 18 workers.
[PhysX] Initialized MultithreadedTaskDispatcher with 18 workers.
 -> (artifact id: 'c1caf52438a02d6277243571b443dc75') in 0.055503 seconds
Number of updated asset objects reloaded before import = 0
Number of asset objects unloaded after import = 3
========================================================================
Received Import Request.
  Time since last request: 4.610810 seconds.
  path: Assets/UI/UImenu/Items/Group 36775.png
  artifactKey: Guid(5243adb6aee6530459d4973d26951392) Importer(815301076,1909f56bfc062723c751e8b465ee728b)
Start importing Assets/UI/UImenu/Items/Group 36775.png using Guid(5243adb6aee6530459d4973d26951392) Importer(815301076,1909f56bfc062723c751e8b465ee728b) [PhysX] Initialized MultithreadedTaskDispatcher with 18 workers.
[PhysX] Initialized MultithreadedTaskDispatcher with 18 workers.
 -> (artifact id: 'dd4efdfb226af156bc13715d8fb821a4') in 0.050319 seconds
Number of updated asset objects reloaded before import = 0
Number of asset objects unloaded after import = 3
========================================================================
Received Import Request.
  Time since last request: 0.000325 seconds.
  path: Assets/UI/UImenu/Items/Group 36785.png
  artifactKey: Guid(9275e5eadbc55b94192ebf7030df95e6) Importer(815301076,1909f56bfc062723c751e8b465ee728b)
Start importing Assets/UI/UImenu/Items/Group 36785.png using Guid(9275e5eadbc55b94192ebf7030df95e6) Importer(815301076,1909f56bfc062723c751e8b465ee728b) [PhysX] Initialized MultithreadedTaskDispatcher with 18 workers.
[PhysX] Initialized MultithreadedTaskDispatcher with 18 workers.
 -> (artifact id: 'f439f0ad09be48864e90ce27cb62ffe3') in 0.048826 seconds
Number of updated asset objects reloaded before import = 0
Number of asset objects unloaded after import = 3
========================================================================
Received Import Request.
  Time since last request: 0.000084 seconds.
  path: Assets/UI/UImenu/Items/Group 36810.png
  artifactKey: Guid(cfbee2be09e959e43b2c85a2464dceb4) Importer(815301076,1909f56bfc062723c751e8b465ee728b)
Start importing Assets/UI/UImenu/Items/Group 36810.png using Guid(cfbee2be09e959e43b2c85a2464dceb4) Importer(815301076,1909f56bfc062723c751e8b465ee728b) [PhysX] Initialized MultithreadedTaskDispatcher with 18 workers.
[PhysX] Initialized MultithreadedTaskDispatcher with 18 workers.
 -> (artifact id: '9127d28481654e49f5e9ab893efeaab7') in 0.042185 seconds
Number of updated asset objects reloaded before import = 0
Number of asset objects unloaded after import = 3
========================================================================
Received Import Request.
  Time since last request: 0.000044 seconds.
  path: Assets/UI/UImenu/Items/Group 36813.png
  artifactKey: Guid(5fe1128c17853ed49956ececed9879ba) Importer(815301076,1909f56bfc062723c751e8b465ee728b)
Start importing Assets/UI/UImenu/Items/Group 36813.png using Guid(5fe1128c17853ed49956ececed9879ba) Importer(815301076,1909f56bfc062723c751e8b465ee728b) [PhysX] Initialized MultithreadedTaskDispatcher with 18 workers.
[PhysX] Initialized MultithreadedTaskDispatcher with 18 workers.
 -> (artifact id: '3044b86a2952bbcd7171ab169bd72c8a') in 0.037160 seconds
Number of updated asset objects reloaded before import = 0
Number of asset objects unloaded after import = 3
========================================================================
Received Import Request.
  Time since last request: 0.000027 seconds.
  path: Assets/UI/UImenu/Items/Group 36840.png
  artifactKey: Guid(68c792a38e6c1b94691b26e600f3d8a3) Importer(815301076,1909f56bfc062723c751e8b465ee728b)
Start importing Assets/UI/UImenu/Items/Group 36840.png using Guid(68c792a38e6c1b94691b26e600f3d8a3) Importer(815301076,1909f56bfc062723c751e8b465ee728b) [PhysX] Initialized MultithreadedTaskDispatcher with 18 workers.
[PhysX] Initialized MultithreadedTaskDispatcher with 18 workers.
 -> (artifact id: '69a467f92256bf4bd1cc34bbeda76f65') in 0.044936 seconds
Number of updated asset objects reloaded before import = 0
Number of asset objects unloaded after import = 3
========================================================================
Received Import Request.
  Time since last request: 0.000032 seconds.
  path: Assets/UI/UImenu/Items/Group 36845.png
  artifactKey: Guid(7d735b57638b22a4c9a52b8151057f4d) Importer(815301076,1909f56bfc062723c751e8b465ee728b)
Start importing Assets/UI/UImenu/Items/Group 36845.png using Guid(7d735b57638b22a4c9a52b8151057f4d) Importer(815301076,1909f56bfc062723c751e8b465ee728b) [PhysX] Initialized MultithreadedTaskDispatcher with 18 workers.
[PhysX] Initialized MultithreadedTaskDispatcher with 18 workers.
 -> (artifact id: '88948453bcc04bdd13b4a6e2afa12514') in 0.040089 seconds
Number of updated asset objects reloaded before import = 0
Number of asset objects unloaded after import = 3
========================================================================
Received Import Request.
  Time since last request: 0.000071 seconds.
  path: Assets/UI/UImenu/Items/Group 36779.png
  artifactKey: Guid(7a03731b34269f44095bce01db3381ea) Importer(815301076,1909f56bfc062723c751e8b465ee728b)
Start importing Assets/UI/UImenu/Items/Group 36779.png using Guid(7a03731b34269f44095bce01db3381ea) Importer(815301076,1909f56bfc062723c751e8b465ee728b) [PhysX] Initialized MultithreadedTaskDispatcher with 18 workers.
[PhysX] Initialized MultithreadedTaskDispatcher with 18 workers.
 -> (artifact id: '9535d4a38b0fb7f70390b7de1ff3ff8c') in 0.040465 seconds
Number of updated asset objects reloaded before import = 0
Number of asset objects unloaded after import = 3
========================================================================
Received Import Request.
  Time since last request: 0.000059 seconds.
  path: Assets/UI/UImenu/Items/Group 36814.png
  artifactKey: Guid(26859354d4d8efd4b95c7502c15e0c32) Importer(815301076,1909f56bfc062723c751e8b465ee728b)
Start importing Assets/UI/UImenu/Items/Group 36814.png using Guid(26859354d4d8efd4b95c7502c15e0c32) Importer(815301076,1909f56bfc062723c751e8b465ee728b) [PhysX] Initialized MultithreadedTaskDispatcher with 18 workers.
[PhysX] Initialized MultithreadedTaskDispatcher with 18 workers.
 -> (artifact id: 'b6784719e810bd4db13eb9023f2932e6') in 0.057054 seconds
Number of updated asset objects reloaded before import = 0
Number of asset objects unloaded after import = 3
========================================================================
Received Import Request.
  Time since last request: 0.000067 seconds.
  path: Assets/UI/UImenu/Items/Group 36837.png
  artifactKey: Guid(7899d0455245d484e825fbda35b9da45) Importer(815301076,1909f56bfc062723c751e8b465ee728b)
Start importing Assets/UI/UImenu/Items/Group 36837.png using Guid(7899d0455245d484e825fbda35b9da45) Importer(815301076,1909f56bfc062723c751e8b465ee728b) [PhysX] Initialized MultithreadedTaskDispatcher with 18 workers.
[PhysX] Initialized MultithreadedTaskDispatcher with 18 workers.
 -> (artifact id: '0ab3bc2e2ebb8f6d096c9c987be1109f') in 0.038248 seconds
Number of updated asset objects reloaded before import = 0
Number of asset objects unloaded after import = 3
========================================================================
Received Import Request.
  Time since last request: 0.000044 seconds.
  path: Assets/UI/UImenu/Items/Group 36807.png
  artifactKey: Guid(8f179bca2dea4d84b823beef1a2ebbf0) Importer(815301076,1909f56bfc062723c751e8b465ee728b)
Start importing Assets/UI/UImenu/Items/Group 36807.png using Guid(8f179bca2dea4d84b823beef1a2ebbf0) Importer(815301076,1909f56bfc062723c751e8b465ee728b) [PhysX] Initialized MultithreadedTaskDispatcher with 18 workers.
[PhysX] Initialized MultithreadedTaskDispatcher with 18 workers.
 -> (artifact id: 'c8056267fb97aff81636da27e21d3d8c') in 0.043521 seconds
Number of updated asset objects reloaded before import = 0
Number of asset objects unloaded after import = 3
========================================================================
Received Import Request.
  Time since last request: 0.000024 seconds.
  path: Assets/UI/UImenu/Items/Group 36811.png
  artifactKey: Guid(392b5834d04ead1489df8366ffa883dd) Importer(815301076,1909f56bfc062723c751e8b465ee728b)
Start importing Assets/UI/UImenu/Items/Group 36811.png using Guid(392b5834d04ead1489df8366ffa883dd) Importer(815301076,1909f56bfc062723c751e8b465ee728b) [PhysX] Initialized MultithreadedTaskDispatcher with 18 workers.
[PhysX] Initialized MultithreadedTaskDispatcher with 18 workers.
 -> (artifact id: '05852583e0626818c969f4e3ea30cb03') in 0.047077 seconds
Number of updated asset objects reloaded before import = 0
Number of asset objects unloaded after import = 3
========================================================================
Received Import Request.
  Time since last request: 534.530082 seconds.
  path: Assets/UI/UImenu/Items/leche de coco.png
  artifactKey: Guid(c548a81d527467b42b25c4c8e016ff82) Importer(815301076,1909f56bfc062723c751e8b465ee728b)
Start importing Assets/UI/UImenu/Items/leche de coco.png using Guid(c548a81d527467b42b25c4c8e016ff82) Importer(815301076,1909f56bfc062723c751e8b465ee728b) [PhysX] Initialized MultithreadedTaskDispatcher with 18 workers.
[PhysX] Initialized MultithreadedTaskDispatcher with 18 workers.
 -> (artifact id: 'bb9c80b01b0c1be76e5c3f0b0d0378cf') in 0.468246 seconds
Number of updated asset objects reloaded before import = 0
Number of asset objects unloaded after import = 3
========================================================================
Received Import Request.
  Time since last request: 782.027135 seconds.
  path: Assets/Fonts/baloo-bhaijaan/BalooBhaijaan-Regular SDF 1.asset
  artifactKey: Guid(93e16b68011b422478af2206ab0d86a7) Importer(815301076,1909f56bfc062723c751e8b465ee728b)
Start importing Assets/Fonts/baloo-bhaijaan/BalooBhaijaan-Regular SDF 1.asset using Guid(93e16b68011b422478af2206ab0d86a7) Importer(815301076,1909f56bfc062723c751e8b465ee728b) [PhysX] Initialized MultithreadedTaskDispatcher with 18 workers.
[PhysX] Initialized MultithreadedTaskDispatcher with 18 workers.
[PhysX] Initialized MultithreadedTaskDispatcher with 18 workers.
 -> (artifact id: '0696f3983a0efc952300fce5613de973') in 2.682755 seconds
Number of updated asset objects reloaded before import = 0
Number of asset objects unloaded after import = 6
========================================================================
Received Import Request.
  Time since last request: 0.000134 seconds.
  path: Assets/Fonts/baloo-bhaijaan/BubbleboddyNeue-Thin Trial SDF.asset
  artifactKey: Guid(5266a312911c4364086fdd1935a4c87e) Importer(815301076,1909f56bfc062723c751e8b465ee728b)
Start importing Assets/Fonts/baloo-bhaijaan/BubbleboddyNeue-Thin Trial SDF.asset using Guid(5266a312911c4364086fdd1935a4c87e) Importer(815301076,1909f56bfc062723c751e8b465ee728b) [PhysX] Initialized MultithreadedTaskDispatcher with 18 workers.
[PhysX] Initialized MultithreadedTaskDispatcher with 18 workers.
[PhysX] Initialized MultithreadedTaskDispatcher with 18 workers.
 -> (artifact id: '345b6f62fb0cf084fea4172c25c98c4d') in 0.116118 seconds
Number of updated asset objects reloaded before import = 0
Number of asset objects unloaded after import = 6
========================================================================
Received Import Request.
  Time since last request: 0.000068 seconds.
  path: Assets/TextMesh Pro/Resources/Fonts & Materials/LiberationSans SDF - Fallback.asset
  artifactKey: Guid(2e498d1c8094910479dc3e1b768306a4) Importer(815301076,1909f56bfc062723c751e8b465ee728b)
Start importing Assets/TextMesh Pro/Resources/Fonts & Materials/LiberationSans SDF - Fallback.asset using Guid(2e498d1c8094910479dc3e1b768306a4) Importer(815301076,1909f56bfc062723c751e8b465ee728b) [PhysX] Initialized MultithreadedTaskDispatcher with 18 workers.
[PhysX] Initialized MultithreadedTaskDispatcher with 18 workers.
[PhysX] Initialized MultithreadedTaskDispatcher with 18 workers.
 -> (artifact id: '898d137251fdebe8d81f31d4ea1929c8') in 0.104248 seconds
Number of updated asset objects reloaded before import = 0
Number of asset objects unloaded after import = 6
========================================================================
Received Import Request.
  Time since last request: 0.000045 seconds.
  path: Assets/Fonts/montserrat/Montserrat-Regular SDF.asset
  artifactKey: Guid(a8bdfe2120e1a254dbaa34cf9b99a8ad) Importer(815301076,1909f56bfc062723c751e8b465ee728b)
Start importing Assets/Fonts/montserrat/Montserrat-Regular SDF.asset using Guid(a8bdfe2120e1a254dbaa34cf9b99a8ad) Importer(815301076,1909f56bfc062723c751e8b465ee728b) [PhysX] Initialized MultithreadedTaskDispatcher with 18 workers.
[PhysX] Initialized MultithreadedTaskDispatcher with 18 workers.
[PhysX] Initialized MultithreadedTaskDispatcher with 18 workers.
 -> (artifact id: '45ad721a7b237247d5779d3797cca874') in 0.097833 seconds
Number of updated asset objects reloaded before import = 0
Number of asset objects unloaded after import = 6
Editor requested this worker to shutdown with reason: Scaling down because of idle timeout
TcpMessagingSession - receive error: operation aborted. errorcode: 995, details: La operación de E/S se anuló por una salida de subproceso o por una solicitud de aplicación.
AssetImportWorker is now disconnected from the server
Process exiting
Exiting without the bug reporter. Application will terminate with return code 0